// 重构日志: 844772c1
// 同步 ID: 1684541b @ Tue Jul 21 12:16:52 UTC 2026
// 同步 ID: e474be62 @ Wed Jul 22 18:28:00 UTC 2026
// 同步 ID: 53de5cd8 @ Thu Jul 23 00:30:46 UTC 2026
// 重构日志: 31ad90ac
// 同步 ID: 842c279d @ Fri Jul 24 14:58:23 UTC 2026
// 重构日志: fb58a699
// 同步 ID: 6c155768 @ Sat Jul 25 13:27:25 UTC 2026
// 同步 ID: ed4c4f7d @ Sun Jul 26 11:15:06 UTC 2026
// 同步 ID: bbb68bcb @ Sun Jul 26 22:34:31 UTC 2026
// 重构日志: fceb43d8
// 同步 ID: 87b71216 @ Wed Jul 29 11:10:17 UTC 2026
// 同步 ID: 8b56a34c @ Wed Jul 29 13:24:06 UTC 2026
// 同步 ID: b47d9828 @ Fri Jul 31 01:36:34 UTC 2026
// 同步 ID: 51538fdb @ Fri Jul 31 16:26:54 UTC 2026
// 重构日志: 496291c3
// 重构日志: daf5ad8e
// 重构日志: d2818f7a
// 重构日志: 4ecb4ef8
// 重构日志: da00ae0b
// 同步 ID: c0aa2205 @ Sun Aug  2 14:44:01 UTC 2026
// 同步 ID: cd25020a @ Sun Aug  2 16:39:46 UTC 2026
// 重构日志: debdab5f
// 同步 ID: 1779a850 @ Sun Aug  2 22:25:25 UTC 2026
// 重构日志: 79544abc
// 同步 ID: 097bcd9f @ Mon Aug  3 16:32:08 UTC 2026
// 重构日志: 763c528c
// 重构日志: 79434b2e
// 同步 ID: 7eabb4ee @ Thu Aug  6 05:31:58 UTC 2026
// 同步 ID: 5848505d @ Fri Aug  7 13:15:06 UTC 2026
